===================================================
========================....====..=.=.=.=.=....====
========================....====..=.=.=.=.=....====
========================....====..=.=.=.=.=....====
====================>>>v..======..=.=.=.=.=....====
==.......========>>>^==>v..=====....=.=.=.=....====
====.===.======>>^======v...====..=.=.=.=.=....====
=....===.=====>^========>>v.====>G=.=.=.=.=....====
=.====...=====^===========>>>>>>^.=.=.=.=.=....====
=..=.==.======^=========....====..=.=.=.=.=....====
=...=.=..==>>>^======...===.=.==..=.=.=.=.=....====
=...=...==.^============....====..=.=.=.=.=....====
==.=..===..^============....====..=.=.=.=.=....====
==...======^<<<=========....====..=.=.=.=.=....====
==============^=========....====..=.=.=.=.=....====
==============^=========....====..=.=.=.=.=....====
===========.==^=========....====..=.=.=.=.=....====
===========Sv=^<========....====..=.=.=.=.=....====
============>v=^==...===....====..=.=.=.=.=....====
===..=.=.=.==v=^========....====..=.=.=.=.=....====
=============>>^==.=.===....====..=.=.=.=.=....====
=====================...==.==.==..=.=.=.=.=....====
================================..=.=.=.=.=....====
===================================================
